Packing item PendantNecklace(stone=<Jewel.Amber: 4>, chain=Necklace(stone=<Jewel.Plain: 1>, type=<NecklaceType.LongChain: 4>), pendant=Jewellery(stone=<Jewel.Amber: 4>))
Jewellery Storage:
    Box:
        Ring Compartment: []
        Top Shelf:        [Jewellery(stone=<Jewel.Amber: 4>)]
        Main Section:     []
    Tree:                 [Necklace(stone=<Jewel.Plain: 1>, type=<NecklaceType.LongChain: 4>)]
    Travel Roll:          []
    Safe:                 []
    On top of dresser:    []
