Packing item Necklace(stone=<Jewel.Amber: 4>, type=<NecklaceType.Chain: 2>)
Jewellery Storage:
    Box:
        Ring Compartment: []
        Top Shelf:        [Necklace(stone=<Jewel.Amber: 4>, type=<NecklaceType.Chain: 2>)]
        Main Section:     []
    Tree:                 []
    Travel Roll:          []
    Safe:                 []
    On top of dresser:    []
