Packing item Necklace{type=Beads, stone=Pearl} (is in travel roll)
Jewellery Storage: 
Box:
    Ring Compartment: []
    Top Shelf:        []
    Main Section:     []
Tree:                 [Necklace{type=Beads, stone=Pearl}]
Travel Roll:          []
Safe:                 []
On top of dresser:    []
