Packing item Necklace{type=Beads, stone=Amber}
Jewellery Storage: 
Box:
    Ring Compartment: []
    Top Shelf:        []
    Main Section:     []
Tree:                 [Necklace{type=Beads, stone=Amber}]
Travel Roll:          []
Safe:                 []
On top of dresser:    []
