Packing item Pendant{stone=Amber}
Jewellery Storage: 
Box:
    Ring Compartment: []
    Top Shelf:        [Pendant{stone=Amber}]
    Main Section:     []
Tree:                 []
Travel Roll:          []
Safe:                 []
On top of dresser:    []
