Packing item Ring { Stone = Plain }
Jewellery Storage:
Box:
    Ring Compartment: 
    Top Shelf:        
    Main Section:     
Tree:                 
Travel Roll:          
Safe:                 
On top of dresser:    Ring { Stone = Plain }
