Jewellery Storage:
Box:
    Ring Compartment: 
    Top Shelf:        Pendant(Amber)
    Main Section:     
Tree:                 Necklace(Plain, Chain)
Travel Roll:          
Safe:                 
On top of dresser:    

