Jewellery Storage:
Box:
    Ring Compartment: 
    Top Shelf:        
    Main Section:     
Tree:                 
Travel Roll:          
Safe:                 PendantNecklace(Diamond, Chain)
On top of dresser:    

