Jewellery Storage:
Box:
    Ring Compartment: 
    Top Shelf:        
    Main Section:     
Tree:                 Earring(Plain, Hoop)
Travel Roll:          
Safe:                 
On top of dresser:    

