Jewellery Storage:
Box:
    Ring Compartment: 
    Top Shelf:        
    Main Section:     
Tree:                 
Travel Roll:          
Safe:                 Earring(Diamond, Stud)
On top of dresser:    

