Jewellery Storage:
Box:
    Ring Compartment: 
    Top Shelf:        Earring(Amber, Stud)
    Main Section:     
Tree:                 
Travel Roll:          
Safe:                 
On top of dresser:    

