Jewellery Storage:
Box:
    Ring Compartment: 
    Top Shelf:        Necklace(Amber, Chain)
    Main Section:     
Tree:                 
Travel Roll:          
Safe:                 
On top of dresser:    

