Jewellery Storage:
Box:
    Ring Compartment: 
    Top Shelf:        
    Main Section:     
Tree:                 Necklace(Plain, Long Chain)
Travel Roll:          
Safe:                 
On top of dresser:    

