Jewellery Storage:
Box:
    Ring Compartment: 
    Top Shelf:        
    Main Section:     Earring(Plain, Drop)
Tree:                 
Travel Roll:          
Safe:                 
On top of dresser:    

